Γû▓ Next.js 16.2.4 (Turbopack)

  Creating an optimized production build ...
node.exe : 
At line:1 char:1
+ & "C:\Program 
Files\nodejs/node.exe" 
"C:\Program 
Files\nodejs/node_mo ...
+ ~~~~~~~~~~~~~~~~~~~~~~~~~~~
~~~~~~~~~~~~~~~~~~~~~~~~~~~~~
~~~~~~~~~~~~~
    + CategoryInfo           
   : NotSpecified: (:String  
  ) [], RemoteException
    + FullyQualifiedErrorId  
   : NativeCommandError
 
> Build error occurred
Error: Turbopack build 
failed with 1 errors:
./src/app/layout.tsx:8:22
`ssr: false` is not allowed 
with `next/dynamic` in 
Server Components. Please 
move it into a Client 
Component.
  [90m 6 |[0m 
[36mimport[0m dynamic 
[36mfrom[0m 
[32m"next/dynamic"[0m;
  [90m 7 |[0m
[31m[1m>[0m [90m 8 |[0m 
[36mconst[0m 
[33mBackground3D[0m = 
dynamic(
  [90m   |[0m              
        [31m[1m^^^^^^^[0m
[31m[1m>[0m [90m 9 |[0m 
  () => [36mimport[0m([32m
"@/components/visuals/Backgro
und3D"[0m).then((mod) => 
mod.[33mBackground3D[0m),
  [90m   |[0m [31m[1m^^^^
^^^^^^^^^^^^^^^^^^^^^^^^^^^^^
^^^^^^^^^^^^^^^^^^^^^^^^^^^^^
^^^^^^^^^^^^^^^^^^^^^^[0m
[31m[1m>[0m [90m10 |[0m 
  { ssr: [36mfalse[0m }
  [90m   |[0m 
[31m[1m^^^^^^^^^^^^^^^^[0m
[31m[1m>[0m [90m11 |[0m 
);
  [90m   |[0m 
[31m[1m^[0m
  [90m12 |[0m
  [90m13 |[0m 
[36mconst[0m inter = 
[33mInter[0m({
  [90m14 |[0m   variable: 
[32m"--font-sans"[0m,

Ecmascript file had an error


    at <unknown> 
(./src/app/layout.tsx:8:22)
